// Jest Snapshot v1, https://goo.gl/fbAQLP

exports[`<PsotPreview/> Simple Render Works 1`] = `ShallowWrapper {}`;
